cargo : warning: 
unused import: `crate
::middleware::auth::r
equire_auth_ext`
At line:1 char:1
+ cargo check -p 
api_server --quiet 
2> error_log.txt
+ ~~~~~~~~~~~~~~~~~~~
~~~~~~~~~~~~~~~~~~~~~
~~~~~~~~~~
    + CategoryInfo   
           : NotSpe  
  cified: (warning   
 : unused...quire    
_auth_ext`:Strin    
g) [], RemoteExc    
eption
    + FullyQualified 
   ErrorId : Native  
  CommandError
 
  --> crates\api_serv
er\src\router.rs:24:5
   |
24 | use crate::middl
eware::auth::require_
auth_ext;
   |     ^^^^^^^^^^^^
^^^^^^^^^^^^^^^^^^^^^
^^^^^^^^
   |
   = note: `#[warn(un
used_imports)]` on 
by default

warning: unused 
import: `State`
 --> crates\api_serve
r\src\routes\auth.rs:
2:15
  |
2 |     
extract::{State, 
Extension},
  |               
^^^^^

warning: unused 
import: `response::In
toResponse`
  --> crates\api_serv
er\src\routes\policie
s.rs:15:5
   |
15 |     response::In
toResponse,
   |     ^^^^^^^^^^^^
^^^^^^^^^^

warning: unused 
import: `crate::servi
ces::CapsuleCacheServ
ice`
  --> crates\api_serv
er\src\routes\policie
s.rs:25:5
   |
25 | use crate::servi
ces::CapsuleCacheServ
ice;
   |     ^^^^^^^^^^^^
^^^^^^^^^^^^^^^^^^^^^
^^^

warning: unused 
import: `crate::servi
ces::user_factor_serv
ice::UserFactor`
  --> crates\api_serv
er\src\routes\user\fa
ctors.rs:10:5
   |
10 | use crate::servi
ces::user_factor_serv
ice::UserFactor;
   |     ^^^^^^^^^^^^
^^^^^^^^^^^^^^^^^^^^^
^^^^^^^^^^^^^^^

warning: unused 
import: 
`std::sync::Arc`
  --> crates\api_serv
er\src\services\audit
_writer.rs:16:5
   |
16 | use 
std::sync::Arc;
   |     
^^^^^^^^^^^^^^

warning: unused 
import: 
`std::sync::Arc`
 --> crates\api_serve
r\src\services\user_f
actor_service.rs:1:5
  |
1 | use 
std::sync::Arc;
  |     
^^^^^^^^^^^^^^

warning: unused 
imports: `Postgres` 
and `Transaction`
 --> crates\api_serve
r\src\services\user_f
actor_service.rs:2:20
  |
2 | use 
sqlx::{PgPool, 
Postgres, 
Transaction};
  |                  
  ^^^^^^^^  
^^^^^^^^^^^

warning: unused 
import: `Secret`
 --> crates\api_serve
r\src\services\user_f
actor_service.rs:3:26
  |
3 | use 
totp_rs::{Algorithm, 
Secret, TOTP};
  |                  
        ^^^^^^

warning: unused 
imports: `Engine as 
_` and `engine::gener
al_purpose::URL_SAFE_
NO_PAD`
 --> crates\api_serve
r\src\services\user_f
actor_service.rs:7:14
  |
7 | use 
base64::{Engine as 
_, engine::general_pu
rpose::URL_SAFE_NO_PA
D};
  |              
^^^^^^^^^^^  ^^^^^^^^
^^^^^^^^^^^^^^^^^^^^^
^^^^^^^^^^^

warning: unused 
imports: `error` and 
`info`
 --> crates\api_serve
r\src\services\user_f
actor_service.rs:9:15
  |
9 | use 
tracing::{info, 
error, instrument};
  |               
^^^^  ^^^^^

warning: unused 
import: 
`rand::RngCore`
  --> crates\api_serv
er\src\services\user_
factor_service.rs:10:
5
   |
10 | use 
rand::RngCore;
   |     
^^^^^^^^^^^^^

warning: unused 
import: `Extension`
 --> crates\api_serve
r\src\middleware\auth
.rs:2:31
  |
2 |     
extract::{Request, 
State, Extension},
  |                  
             
^^^^^^^^^

warning: unused 
import: `GetPublicKey
sRequest`
  --> crates\api_serv
er\src\middleware\eia
a_authz.rs:42:46
   |
42 | use grpc_api::ei
aa::runtime::{Capsule
Signed, GetPublicKeys
Request};
   |                 
                     
        
^^^^^^^^^^^^^^^^^^^^

warning: unused 
import: `DateTime`
  --> crates\api_serv
er\src\middleware\aut
horization_context.rs
:10:14
   |
10 | use 
chrono::{DateTime, 
Utc};
   |              
^^^^^^^^

warning: unused 
variable: `headers`
   --> crates\api_ser
ver\src\routes\auth.r
s:160:5
    |
160 |     headers: 
HeaderMap,
    |     ^^^^^^^ 
help: if this is 
intentional, prefix 
it with an 
underscore: 
`_headers`
    |
    = note: `#[warn(u
nused_variables)]` 
on by default

error[E0599]: no 
method named 
`into_option_string` 
found for enum 
`DeviceTrust` in the 
current scope
   --> crates\api_ser
ver\src\routes\auth.r
s:353:57
    |
353 |     let 
device_id = risk_eval
.risk.device_trust.cl
one().into_option_str
ing(); // Note: This 
depends on mapping 
trust to ID, which 
might n...
    |                
                     
                    
^^^^^^^^^^^^^^^^^^ 
method not found in 
`DeviceTrust`

warning: unused 
variable: `state`
  --> crates\api_serv
er\src\routes\auth\st
ep_up.rs:29:11
   |
29 |     
State(state): 
State<AppState>,
   |           ^^^^^ 
help: if this is 
intentional, prefix 
it with an 
underscore: `_state`

warning: unused 
variable: `payload`
  --> crates\api_serv
er\src\routes\auth\st
ep_up.rs:31:10
   |
31 |     
Json(payload): 
Json<StepUpRequest>,
   |          
^^^^^^^ help: if 
this is intentional, 
prefix it with an 
underscore: 
`_payload`

warning: unused 
variable: 
`session_id`
  --> crates\api_serv
er\src\routes\auth\st
ep_up.rs:34:9
   |
34 |     let 
session_id = 
&claims.sid;
   |         
^^^^^^^^^^ help: if 
this is intentional, 
prefix it with an 
underscore: 
`_session_id`

warning: unused 
variable: `user_id`
  --> crates\api_serv
er\src\routes\auth\st
ep_up.rs:35:9
   |
35 |     let user_id 
= &claims.sub;
   |         ^^^^^^^ 
help: if this is 
intentional, prefix 
it with an 
underscore: 
`_user_id`

warning: unused 
variable: `tenant_id`
  --> crates\api_serv
er\src\routes\auth\st
ep_up.rs:36:9
   |
36 |     let 
tenant_id = 
&claims.tenant_id;
   |         
^^^^^^^^^ help: if 
this is intentional, 
prefix it with an 
underscore: 
`_tenant_id`

warning: this 
function depends on 
never type fallback 
being `()`
  --> crates\api_serv
er\src\services\capsu
le_cache.rs:91:5
   |
91 |     pub async 
fn set(&self, 
capsule: 
&CachedCapsule) -> 
Result<()> {
   |     ^^^^^^^^^^^^
^^^^^^^^^^^^^^^^^^^^^
^^^^^^^^^^^^^^^^^^^^^
^^^^^^^^
   |
   = warning: this 
was previously 
accepted by the 
compiler but is 
being phased out; it 
will become a hard 
error in Rust 2024 
and in a future 
release in all 
editions!
   = note: for more 
information, see <htt
ps://doc.rust-lang.or
g/nightly/edition-gui
de/rust-2024/never-ty
pe-fallback.html>
   = help: specify 
the types explicitly
note: in edition 
2024, the 
requirement `!: 
FromRedisValue` will 
fail
  --> crates\api_serv
er\src\services\capsu
le_cache.rs:97:15
   |
97 |         
redis.set_ex(&key, 
bytes, self.ttl_secon
ds).await
   |               
^^^^^^
   = note: `#[warn(de
pendency_on_unit_neve
r_type_fallback)]` 
on by default
help: use `()` 
annotations to avoid 
fallback changes
   |
97 |         
redis.set_ex::<_, _, 
()>(&key, bytes, self
.ttl_seconds).await
   |                 
    ++++++++++++

warning: this 
function depends on 
never type fallback 
being `()`
   --> crates\api_ser
ver\src\services\caps
ule_cache.rs:113:5
    |
113 |     pub async 
fn invalidate(&self, 
tenant_id: &str, 
action: &str) -> 
Result<()> {
    |     ^^^^^^^^^^^
^^^^^^^^^^^^^^^^^^^^^
^^^^^^^^^^^^^^^^^^^^^
^^^^^^^^^^^^^^^^^^^^^
^
    |
    = warning: this 
was previously 
accepted by the 
compiler but is 
being phased out; it 
will become a hard 
error in Rust 2024 
and in a future 
release in all 
editions!
    = note: for more 
information, see <htt
ps://doc.rust-lang.or
g/nightly/edition-gui
de/rust-2024/never-ty
pe-fallback.html>
    = help: specify 
the types explicitly
note: in edition 
2024, the 
requirement `!: 
FromRedisValue` will 
fail
   --> crates\api_ser
ver\src\services\caps
ule_cache.rs:117:15
    |
117 |         
redis.del(&key).await
    |               
^^^
help: use `()` 
annotations to avoid 
fallback changes
    |
117 |         
redis.del::<_, 
()>(&key).await
    |                
  +++++++++

warning: unused 
variable: `decision`
   --> crates\api_ser
ver\src\middleware\ei
aa_authz.rs:365:48
    |
365 |                
 
Ok(AuthzResult::Deny 
{ reason, decision, 
attestation }) => {
    |                
                     
           ^^^^^^^^ 
help: try ignoring 
the field: 
`decision: _`

For more information 
about this error, 
try `rustc --explain 
E0599`.
error: could not 
compile `api_server` 
(lib) due to 1 
previous error; 24 
warnings emitted
